2025-03-17 00:07:54.855 [] INFO  [main] c.e.l.s.SpringBootTaskApplication - Starting SpringBootTaskApplication using Java 23.0.1 with PID 9044 (D:\epam-campus\[Module 04] REST\spring-boot-task\target\classes started by SI1MON in D:\epam-campus\[Module 04] REST\spring-boot-task)
2025-03-17 00:07:54.860 [] DEBUG [main] c.e.l.s.SpringBootTaskApplication - Running with Spring Boot v3.4.3, Spring v6.2.3
2025-03-17 00:07:54.861 [] INFO  [main] c.e.l.s.SpringBootTaskApplication - The following 1 profile is active: "dev"
2025-03-17 00:07:57.329 [] INFO  [main] o.a.catalina.core.StandardService - Starting service [Tomcat]
2025-03-17 00:07:57.329 [] INFO  [main] o.a.catalina.core.StandardEngine - Starting Servlet engine: [Apache Tomcat/10.1.36]
2025-03-17 00:07:57.397 [] INFO  [main] o.a.c.c.C.[Tomcat].[localhost].[/] - Initializing Spring embedded WebApplicationContext
2025-03-17 00:07:57.601 [] INFO  [main] o.h.jpa.internal.util.LogHelper - HHH000204: Processing PersistenceUnitInfo [name: default]
2025-03-17 00:07:57.665 [] INFO  [main] org.hibernate.Version - HHH000412: Hibernate ORM core version 6.6.8.Final
2025-03-17 00:07:57.729 [] INFO  [main] o.h.c.i.RegionFactoryInitiator - HHH000026: Second-level cache disabled
2025-03-17 00:07:58.051 [] INFO  [main] com.zaxxer.hikari.HikariDataSource - HikariPool-1 - Starting...
2025-03-17 00:07:58.283 [] INFO  [main] com.zaxxer.hikari.pool.HikariPool - HikariPool-1 - Added connection org.postgresql.jdbc.PgConnection@5759edff
2025-03-17 00:07:58.289 [] INFO  [main] com.zaxxer.hikari.HikariDataSource - HikariPool-1 - Start completed.
2025-03-17 00:07:58.373 [] INFO  [main] o.hibernate.orm.connections.pooling - HHH10001005: Database info:
	Database JDBC URL [Connecting through datasource 'HikariDataSource (HikariPool-1)']
	Database driver: undefined/unknown
	Database version: 17.0
	Autocommit mode: undefined/unknown
	Isolation level: undefined/unknown
	Minimum pool size: undefined/unknown
	Maximum pool size: undefined/unknown
2025-03-17 00:07:59.581 [] INFO  [main] o.h.e.t.j.p.i.JtaPlatformInitiator - HHH000489: No JTA platform available (set 'hibernate.transaction.jta.platform' to enable JTA platform integration)
2025-03-17 00:08:00.660 [] WARN  [main] o.s.b.a.o.j.JpaBaseConfiguration$JpaWebConfiguration - spring.jpa.open-in-view is enabled by default. Therefore, database queries may be performed during view rendering. Explicitly configure spring.jpa.open-in-view to disable this warning
2025-03-17 00:08:03.943 [] INFO  [main] c.e.l.s.SpringBootTaskApplication - Started SpringBootTaskApplication in 9.86 seconds (process running for 11.834)
2025-03-17 00:08:04.593 [] INFO  [RMI TCP Connection(2)-26.51.236.255] o.a.c.c.C.[Tomcat].[localhost].[/] - Initializing Spring DispatcherServlet 'dispatcherServlet'
2025-03-17 00:10:00.285 [f2f2fab9-d0dc-4052-9fa6-5ef7973b9f6b] INFO  [http-nio-8080-exec-1] c.e.l.s.i.LoggingInterceptor - Received request: method = POST, URI = /trainers/login, headers = host: localhost:8080, connection: keep-alive, content-length: 58, sec-ch-ua-platform: "Windows", authorization: Bearer Kostya.Dzu, user-agent: Mozilla/5.0 (Windows NT 10.0; Win64; x64) AppleWebKit/537.36 (KHTML, like Gecko) Chrome/134.0.0.0 Safari/537.36, accept: */*, sec-ch-ua: "Chromium";v="134", "Not:A-Brand";v="24", "Google Chrome";v="134", content-type: application/json, sec-ch-ua-mobile: ?0, origin: http://localhost:8080, sec-fetch-site: same-origin, sec-fetch-mode: cors, sec-fetch-dest: empty, referer: http://localhost:8080/swagger-ui/index.html, accept-encoding: gzip, deflate, br, zstd, accept-language: ru-RU,ru;q=0.9,en-US;q=0.8,en;q=0.7,it;q=0.6, cookie: Idea-b683f69e=d1f4c11d-efb7-4b86-af43-afd6a61fc96f; .AspNetCore.Antiforgery.E6UA7g_dQr8=CfDJ8CeMCEQVtH5NpRwXqiJquZvk46fiuyEu8zZgsPkbHjfUzGYPxUOw97bKy1L4X7dcpe3lexLMg3lBPzBxrl0SKQ6sXQzoIx7S_lzzrEzlt3o2M61ISyns3cYsq7-1wTV3QEPuPdfW1T1nHCDAqrFY41U, 
2025-03-17 00:10:00.387 [f2f2fab9-d0dc-4052-9fa6-5ef7973b9f6b] INFO  [http-nio-8080-exec-1] c.e.l.s.i.LoggingInterceptor - Response status: 200
2025-03-17 00:10:00.388 [f2f2fab9-d0dc-4052-9fa6-5ef7973b9f6b] INFO  [http-nio-8080-exec-1] c.e.l.s.filter.TransactionIdFilter - Transaction ID: f2f2fab9-d0dc-4052-9fa6-5ef7973b9f6b, Method: POST, URI: /trainers/login, Response Status: 200
2025-03-17 00:10:06.246 [7f16d0f3-bd5c-4180-93db-2d6177e181a3] INFO  [http-nio-8080-exec-2] c.e.l.s.i.LoggingInterceptor - Received request: method = PUT, URI = /trainers/profile, headers = host: localhost:8080, connection: keep-alive, content-length: 216, sec-ch-ua-platform: "Windows", authorization: Bearer Kostya.Dzu, user-agent: Mozilla/5.0 (Windows NT 10.0; Win64; x64) AppleWebKit/537.36 (KHTML, like Gecko) Chrome/134.0.0.0 Safari/537.36, accept: */*, sec-ch-ua: "Chromium";v="134", "Not:A-Brand";v="24", "Google Chrome";v="134", content-type: application/json, sec-ch-ua-mobile: ?0, origin: http://localhost:8080, sec-fetch-site: same-origin, sec-fetch-mode: cors, sec-fetch-dest: empty, referer: http://localhost:8080/swagger-ui/index.html, accept-encoding: gzip, deflate, br, zstd, accept-language: ru-RU,ru;q=0.9,en-US;q=0.8,en;q=0.7,it;q=0.6, cookie: Idea-b683f69e=d1f4c11d-efb7-4b86-af43-afd6a61fc96f; .AspNetCore.Antiforgery.E6UA7g_dQr8=CfDJ8CeMCEQVtH5NpRwXqiJquZvk46fiuyEu8zZgsPkbHjfUzGYPxUOw97bKy1L4X7dcpe3lexLMg3lBPzBxrl0SKQ6sXQzoIx7S_lzzrEzlt3o2M61ISyns3cYsq7-1wTV3QEPuPdfW1T1nHCDAqrFY41U, 
2025-03-17 00:10:06.339 [7f16d0f3-bd5c-4180-93db-2d6177e181a3] DEBUG [http-nio-8080-exec-2] c.e.l.s.s.impl.TrainerServiceImpl - Trainer was found by username: Kostya.Dzu
2025-03-17 00:10:06.364 [7f16d0f3-bd5c-4180-93db-2d6177e181a3] DEBUG [http-nio-8080-exec-2] c.e.l.s.service.impl.UserServiceImpl - User updated with username: Kostya.Dzu
2025-03-17 00:10:42.813 [7f16d0f3-bd5c-4180-93db-2d6177e181a3] DEBUG [http-nio-8080-exec-2] c.e.l.s.s.impl.TrainerServiceImpl - Profile updated for trainer: Kostya.Dzu
2025-03-17 00:10:42.842 [7f16d0f3-bd5c-4180-93db-2d6177e181a3] INFO  [http-nio-8080-exec-2] c.e.l.s.i.LoggingInterceptor - Response status: 200
2025-03-17 00:10:42.843 [7f16d0f3-bd5c-4180-93db-2d6177e181a3] INFO  [http-nio-8080-exec-2] c.e.l.s.filter.TransactionIdFilter - Transaction ID: 7f16d0f3-bd5c-4180-93db-2d6177e181a3, Method: PUT, URI: /trainers/profile, Response Status: 200
2025-03-17 00:11:56.885 [] INFO  [SpringApplicationShutdownHook] com.zaxxer.hikari.HikariDataSource - HikariPool-1 - Shutdown initiated...
2025-03-17 00:11:56.890 [] INFO  [SpringApplicationShutdownHook] com.zaxxer.hikari.HikariDataSource - HikariPool-1 - Shutdown completed.
2025-03-17 01:38:25.782 [] INFO  [main] c.e.l.s.SpringBootTaskApplication - Starting SpringBootTaskApplication using Java 23.0.1 with PID 4676 (D:\epam-campus\[Module 04] REST\spring-boot-task\target\classes started by SI1MON in D:\epam-campus\[Module 04] REST\spring-boot-task)
2025-03-17 01:38:25.783 [] DEBUG [main] c.e.l.s.SpringBootTaskApplication - Running with Spring Boot v3.4.3, Spring v6.2.3
2025-03-17 01:38:25.783 [] INFO  [main] c.e.l.s.SpringBootTaskApplication - The following 1 profile is active: "dev"
2025-03-17 01:38:27.836 [] INFO  [main] o.a.catalina.core.StandardService - Starting service [Tomcat]
2025-03-17 01:38:27.837 [] INFO  [main] o.a.catalina.core.StandardEngine - Starting Servlet engine: [Apache Tomcat/10.1.36]
2025-03-17 01:38:27.892 [] INFO  [main] o.a.c.c.C.[Tomcat].[localhost].[/] - Initializing Spring embedded WebApplicationContext
2025-03-17 01:38:28.070 [] INFO  [main] o.h.jpa.internal.util.LogHelper - HHH000204: Processing PersistenceUnitInfo [name: default]
2025-03-17 01:38:28.116 [] INFO  [main] org.hibernate.Version - HHH000412: Hibernate ORM core version 6.6.8.Final
2025-03-17 01:38:28.150 [] INFO  [main] o.h.c.i.RegionFactoryInitiator - HHH000026: Second-level cache disabled
2025-03-17 01:38:28.419 [] INFO  [main] com.zaxxer.hikari.HikariDataSource - HikariPool-1 - Starting...
2025-03-17 01:38:28.579 [] INFO  [main] com.zaxxer.hikari.pool.HikariPool - HikariPool-1 - Added connection org.postgresql.jdbc.PgConnection@2a60981c
2025-03-17 01:38:28.581 [] INFO  [main] com.zaxxer.hikari.HikariDataSource - HikariPool-1 - Start completed.
2025-03-17 01:38:28.657 [] INFO  [main] o.hibernate.orm.connections.pooling - HHH10001005: Database info:
	Database JDBC URL [Connecting through datasource 'HikariDataSource (HikariPool-1)']
	Database driver: undefined/unknown
	Database version: 17.0
	Autocommit mode: undefined/unknown
	Isolation level: undefined/unknown
	Minimum pool size: undefined/unknown
	Maximum pool size: undefined/unknown
2025-03-17 01:38:29.762 [] INFO  [main] o.h.e.t.j.p.i.JtaPlatformInitiator - HHH000489: No JTA platform available (set 'hibernate.transaction.jta.platform' to enable JTA platform integration)
2025-03-17 01:38:30.544 [] WARN  [main] o.s.b.a.o.j.JpaBaseConfiguration$JpaWebConfiguration - spring.jpa.open-in-view is enabled by default. Therefore, database queries may be performed during view rendering. Explicitly configure spring.jpa.open-in-view to disable this warning
2025-03-17 01:38:32.700 [] INFO  [main] c.e.l.s.SpringBootTaskApplication - Started SpringBootTaskApplication in 7.551 seconds (process running for 8.293)
2025-03-17 01:38:33.363 [] INFO  [RMI TCP Connection(2)-26.51.236.255] o.a.c.c.C.[Tomcat].[localhost].[/] - Initializing Spring DispatcherServlet 'dispatcherServlet'
2025-03-17 01:38:52.015 [2721b2ca-c422-453f-91f8-fc2c5914c7d4] INFO  [http-nio-8080-exec-1] c.e.l.s.i.LoggingInterceptor - Received request: method = POST, URI = /trainers/login, headers = host: localhost:8080, connection: keep-alive, content-length: 58, sec-ch-ua-platform: "Windows", authorization: Bearer Kostya.Dzu, user-agent: Mozilla/5.0 (Windows NT 10.0; Win64; x64) AppleWebKit/537.36 (KHTML, like Gecko) Chrome/134.0.0.0 Safari/537.36, accept: */*, sec-ch-ua: "Chromium";v="134", "Not:A-Brand";v="24", "Google Chrome";v="134", content-type: application/json, sec-ch-ua-mobile: ?0, origin: http://localhost:8080, sec-fetch-site: same-origin, sec-fetch-mode: cors, sec-fetch-dest: empty, referer: http://localhost:8080/swagger-ui/index.html, accept-encoding: gzip, deflate, br, zstd, accept-language: ru-RU,ru;q=0.9,en-US;q=0.8,en;q=0.7,it;q=0.6, cookie: Idea-b683f69e=d1f4c11d-efb7-4b86-af43-afd6a61fc96f; .AspNetCore.Antiforgery.E6UA7g_dQr8=CfDJ8CeMCEQVtH5NpRwXqiJquZvk46fiuyEu8zZgsPkbHjfUzGYPxUOw97bKy1L4X7dcpe3lexLMg3lBPzBxrl0SKQ6sXQzoIx7S_lzzrEzlt3o2M61ISyns3cYsq7-1wTV3QEPuPdfW1T1nHCDAqrFY41U, 
2025-03-17 01:38:52.094 [2721b2ca-c422-453f-91f8-fc2c5914c7d4] INFO  [http-nio-8080-exec-1] c.e.l.s.i.LoggingInterceptor - Response status: 200
2025-03-17 01:38:52.094 [2721b2ca-c422-453f-91f8-fc2c5914c7d4] INFO  [http-nio-8080-exec-1] c.e.l.s.filter.TransactionIdFilter - Method: POST, URI: /trainers/login, Response Status: 200
2025-03-17 01:40:42.139 [] INFO  [SpringApplicationShutdownHook] com.zaxxer.hikari.HikariDataSource - HikariPool-1 - Shutdown initiated...
2025-03-17 01:40:42.143 [] INFO  [SpringApplicationShutdownHook] com.zaxxer.hikari.HikariDataSource - HikariPool-1 - Shutdown completed.
